{"step": 0, "timestamp": 1789874562.9632502, "type": "simulation_reset", "data": {"num_robots": 30}}
{"step": 0, "timestamp": 1789874566.7360885, "type": "safety_shield", "data": {"robot_id": 1, "step": 0, "reason": "uav_proximity:robot_9"}}
{"step": 0, "timestamp": 1789874566.73609, "type": "safety_shield", "data": {"robot_id": 20, "step": 0, "reason": "uav_proximity:robot_25"}}
{"step": 0, "timestamp": 1789874566.8115747, "type": "task_activated", "data": {"type": "task_activated", "task_id": "T1_exploration", "step": 0}}
{"step": 0, "timestamp": 1789874566.8115764, "type": "task_activated", "data": {"type": "task_activated", "task_id": "T3_relay", "step": 0}}
{"step": 0, "timestamp": 1789874566.8115773, "type": "relay_connectivity_ok", "data": {"type": "relay_connectivity_ok", "task_id": "T3_relay", "step": 0, "connectivity_ratio": 1.0}}
{"step": 1, "timestamp": 1789874573.2033448, "type": "safety_shield", "data": {"robot_id": 1, "step": 1, "reason": "uav_proximity:robot_9"}}
{"step": 1, "timestamp": 1789874573.2033463, "type": "safety_shield", "data": {"robot_id": 3, "step": 1, "reason": "uav_proximity:robot_6"}}
{"step": 1, "timestamp": 1789874573.2033463, "type": "safety_shield", "data": {"robot_id": 8, "step": 1, "reason": "uav_proximity:robot_11"}}
{"step": 2, "timestamp": 1789874579.919899, "type": "safety_shield", "data": {"robot_id": 1, "step": 2, "reason": "uav_proximity:robot_9"}}
{"step": 2, "timestamp": 1789874579.9199004, "type": "safety_shield", "data": {"robot_id": 19, "step": 2, "reason": "uav_proximity:robot_28"}}
{"step": 3, "timestamp": 1789874586.423485, "type": "safety_shield", "data": {"robot_id": 1, "step": 3, "reason": "uav_proximity:robot_9"}}
{"step": 3, "timestamp": 1789874586.423486, "type": "safety_shield", "data": {"robot_id": 14, "step": 3, "reason": "uav_proximity:robot_27"}}
{"step": 3, "timestamp": 1789874586.4234862, "type": "safety_shield", "data": {"robot_id": 19, "step": 3, "reason": "uav_proximity:robot_28"}}
{"step": 4, "timestamp": 1789874591.4870431, "type": "safety_shield", "data": {"robot_id": 1, "step": 4, "reason": "uav_proximity:robot_9"}}
{"step": 4, "timestamp": 1789874591.487044, "type": "safety_shield", "data": {"robot_id": 14, "step": 4, "reason": "uav_proximity:robot_27"}}
{"step": 4, "timestamp": 1789874591.4870446, "type": "safety_shield", "data": {"robot_id": 19, "step": 4, "reason": "uav_proximity:robot_28"}}
{"step": 5, "timestamp": 1789874597.351768, "type": "safety_shield", "data": {"robot_id": 1, "step": 5, "reason": "uav_proximity:robot_9"}}
{"step": 5, "timestamp": 1789874597.3517687, "type": "safety_shield", "data": {"robot_id": 7, "step": 5, "reason": "uav_proximity:robot_16"}}
{"step": 5, "timestamp": 1789874597.351769, "type": "safety_shield", "data": {"robot_id": 14, "step": 5, "reason": "uav_proximity:robot_27"}}
{"step": 5, "timestamp": 1789874597.3517694, "type": "safety_shield", "data": {"robot_id": 19, "step": 5, "reason": "uav_proximity:robot_28"}}
{"step": 6, "timestamp": 1789874604.4044724, "type": "safety_shield", "data": {"robot_id": 1, "step": 6, "reason": "uav_proximity:robot_9"}}
{"step": 6, "timestamp": 1789874604.404473, "type": "safety_shield", "data": {"robot_id": 7, "step": 6, "reason": "uav_proximity:robot_16"}}
{"step": 6, "timestamp": 1789874604.4044735, "type": "safety_shield", "data": {"robot_id": 14, "step": 6, "reason": "uav_proximity:robot_27"}}
{"step": 6, "timestamp": 1789874604.4044735, "type": "safety_shield", "data": {"robot_id": 19, "step": 6, "reason": "uav_proximity:robot_28"}}
{"step": 7, "timestamp": 1789874611.1419291, "type": "safety_shield", "data": {"robot_id": 1, "step": 7, "reason": "uav_proximity:robot_9"}}
{"step": 7, "timestamp": 1789874611.1419306, "type": "safety_shield", "data": {"robot_id": 7, "step": 7, "reason": "uav_proximity:robot_16"}}
{"step": 7, "timestamp": 1789874611.1419308, "type": "safety_shield", "data": {"robot_id": 14, "step": 7, "reason": "uav_proximity:robot_27"}}
{"step": 7, "timestamp": 1789874611.141931, "type": "safety_shield", "data": {"robot_id": 19, "step": 7, "reason": "uav_proximity:robot_28"}}
{"step": 8, "timestamp": 1789874618.697778, "type": "safety_shield", "data": {"robot_id": 1, "step": 8, "reason": "uav_proximity:robot_9"}}
{"step": 8, "timestamp": 1789874618.6977794, "type": "safety_shield", "data": {"robot_id": 2, "step": 8, "reason": "uav_proximity:robot_26"}}
{"step": 8, "timestamp": 1789874618.6977797, "type": "safety_shield", "data": {"robot_id": 7, "step": 8, "reason": "uav_proximity:robot_16"}}
{"step": 8, "timestamp": 1789874618.69778, "type": "safety_shield", "data": {"robot_id": 19, "step": 8, "reason": "uav_proximity:robot_28"}}
{"step": 9, "timestamp": 1789874626.1994126, "type": "safety_shield", "data": {"robot_id": 1, "step": 9, "reason": "uav_proximity:robot_9"}}
{"step": 9, "timestamp": 1789874626.199414, "type": "safety_shield", "data": {"robot_id": 8, "step": 9, "reason": "uav_proximity:robot_13"}}
{"step": 9, "timestamp": 1789874626.1994143, "type": "safety_shield", "data": {"robot_id": 19, "step": 9, "reason": "uav_proximity:robot_28"}}
{"step": 10, "timestamp": 1789874633.8084726, "type": "safety_shield", "data": {"robot_id": 1, "step": 10, "reason": "uav_proximity:robot_9"}}
{"step": 10, "timestamp": 1789874633.8084738, "type": "safety_shield", "data": {"robot_id": 8, "step": 10, "reason": "uav_proximity:robot_13"}}
{"step": 10, "timestamp": 1789874633.808474, "type": "safety_shield", "data": {"robot_id": 19, "step": 10, "reason": "uav_proximity:robot_28"}}
{"step": 11, "timestamp": 1789874641.3756914, "type": "safety_shield", "data": {"robot_id": 1, "step": 11, "reason": "uav_proximity:robot_9"}}
{"step": 11, "timestamp": 1789874641.3756928, "type": "safety_shield", "data": {"robot_id": 8, "step": 11, "reason": "uav_proximity:robot_13"}}
{"step": 11, "timestamp": 1789874641.3756936, "type": "safety_shield", "data": {"robot_id": 19, "step": 11, "reason": "uav_proximity:robot_28"}}
{"step": 12, "timestamp": 1789874648.2589803, "type": "safety_shield", "data": {"robot_id": 8, "step": 12, "reason": "uav_proximity:robot_13"}}
{"step": 12, "timestamp": 1789874648.2589815, "type": "safety_shield", "data": {"robot_id": 19, "step": 12, "reason": "uav_proximity:robot_28"}}
{"step": 13, "timestamp": 1789874655.3954203, "type": "safety_shield", "data": {"robot_id": 1, "step": 13, "reason": "uav_proximity:robot_9"}}
{"step": 13, "timestamp": 1789874655.3954217, "type": "safety_shield", "data": {"robot_id": 8, "step": 13, "reason": "uav_proximity:robot_13"}}
{"step": 13, "timestamp": 1789874655.3954222, "type": "safety_shield", "data": {"robot_id": 19, "step": 13, "reason": "uav_proximity:robot_28"}}
{"step": 14, "timestamp": 1789874662.0632536, "type": "safety_shield", "data": {"robot_id": 8, "step": 14, "reason": "uav_proximity:robot_13"}}
{"step": 14, "timestamp": 1789874662.0632546, "type": "safety_shield", "data": {"robot_id": 19, "step": 14, "reason": "uav_proximity:robot_28"}}
{"step": 15, "timestamp": 1789874666.6956298, "type": "safety_shield", "data": {"robot_id": 8, "step": 15, "reason": "uav_proximity:robot_13"}}
{"step": 15, "timestamp": 1789874666.6956308, "type": "safety_shield", "data": {"robot_id": 19, "step": 15, "reason": "uav_proximity:robot_28"}}
{"step": 16, "timestamp": 1789874670.7219784, "type": "safety_shield", "data": {"robot_id": 8, "step": 16, "reason": "uav_proximity:robot_13"}}
{"step": 16, "timestamp": 1789874670.7219794, "type": "safety_shield", "data": {"robot_id": 19, "step": 16, "reason": "uav_proximity:robot_28"}}
{"step": 17, "timestamp": 1789874674.933072, "type": "safety_shield", "data": {"robot_id": 2, "step": 17, "reason": "uav_proximity:robot_15"}}
{"step": 17, "timestamp": 1789874674.9330735, "type": "safety_shield", "data": {"robot_id": 8, "step": 17, "reason": "uav_proximity:robot_13"}}
{"step": 18, "timestamp": 1789874679.4287627, "type": "safety_shield", "data": {"robot_id": 8, "step": 18, "reason": "uav_proximity:robot_13"}}